    Blocking waiting for file lock on package cache
    Blocking waiting for file lock on package cache
    Blocking waiting for file lock on package cache
    Blocking waiting for file lock on artifact directory
    Finished `dev` profile [optimized + debuginfo] target(s) in 0.36s
     Running `target/debug/server`
2026-06-04T14:16:33.794989Z  INFO server_lightyear::webtransport: WebTransport certificate digest: b5:6f:ea:22:38:5a:7f:1b:ef:d0:59:43:8d:0e:c3:83:37:bd:6b:08:6f:fb:7e:3c:03:22:cc:cf:d7:aa:3b:79
2026-06-04T14:16:33.795007Z  INFO server_lightyear::connection: WebTransport server listening on 0.0.0.0:5001
2026-06-04T14:16:33.795147Z  INFO lightyear_webtransport::server: Server WebTransport starting at 0.0.0.0:5001
2026-06-04T14:16:33.800177Z  INFO protocol::world_object::loading: Loaded 2 world object definitions
2026-06-04T14:16:33.800194Z  INFO protocol::terrain::loading: Loaded 3 terrain definitions
2026-06-04T14:16:33.802210Z  INFO protocol::ability::loading: Loaded 15 ability definitions
2026-06-04T14:16:33.808104Z  INFO protocol::vox_model::loading: Loaded 11 vox models
2026-06-04T14:16:33.927692Z  INFO nostr_relay_pool::relay::inner: Connected to 'wss://relay.damus.io'
2026-06-04T14:16:33.956882Z  INFO nostr_client::relay_pool: Nostr relay pool reached EOSE on at least one relay
2026-06-04T14:16:33.956895Z  INFO protocol::app_state: Startup gates complete, transitioning to AppState::Ready
2026-06-04T14:16:33.957135Z  INFO server::map: real Nostr/Blossom remote map restore enabled allowed_blossom_hosts={"blossom.primal.net"}
2026-06-04T14:16:33.957228Z  INFO server::map: server-owned Overworld remote publishing enabled
2026-06-04T14:16:34.517569Z  INFO nostr_relay_pool::relay::inner: Connected to 'wss://nos.lol'
2026-06-04T14:16:36.807164Z  INFO lightyear_netcode::server_plugin: New connection on netcode from 1985160839016334536 (231v0)
2026-06-04T14:16:36.807834Z  INFO server::gameplay: sent identity challenge client_entity=231v0
2026-06-04T14:16:36.813011Z  INFO server::auth: verified client identity proof client_entity=231v0 player_identity=PlayerIdentity(NostrPublicKey([200, 196, 149, 231, 67, 181, 140, 27, 128, 250, 37, 170, 160, 206, 104, 112, 205, 52, 95, 151, 170, 235, 22, 242, 103, 212, 186, 158, 215, 163, 247, 157]))
2026-06-04T14:16:36.813024Z  INFO server::gameplay: queued authenticated character spawn pending overworld persistence preflight client_entity=231v0 peer_id=Netcode(1985160839016334536) player_identity=PlayerIdentity(NostrPublicKey([200, 196, 149, 231, 67, 181, 140, 27, 128, 250, 37, 170, 160, 206, 104, 112, 205, 52, 95, 151, 170, 235, 22, 242, 103, 212, 186, 158, 215, 163, 247, 157]))
2026-06-04T14:16:46.289684Z  INFO server::map: Loaded 1 entities for Homebase { owner: NostrPublicKey([200, 196, 149, 231, 67, 181, 140, 27, 128, 250, 37, 170, 160, 206, 104, 112, 205, 52, 95, 151, 170, 235, 22, 242, 103, 212, 186, 158, 215, 163, 247, 157]) }
2026-06-04T14:17:41.611835Z  INFO lightyear_netcode::server_plugin: Disconnection from netcode client 1985160839016334536. Despawning entity.
2026-06-04T14:17:45.104267Z  INFO lightyear_netcode::server_plugin: New connection on netcode from 1985160839016334536 (543v2)
2026-06-04T14:17:45.104355Z  INFO server::gameplay: sent identity challenge client_entity=543v2
2026-06-04T14:17:45.112305Z  INFO server::auth: verified client identity proof client_entity=543v2 player_identity=PlayerIdentity(NostrPublicKey([200, 196, 149, 231, 67, 181, 140, 27, 128, 250, 37, 170, 160, 206, 104, 112, 205, 52, 95, 151, 170, 235, 22, 242, 103, 212, 186, 158, 215, 163, 247, 157]))
2026-06-04T14:17:45.112319Z  INFO server::gameplay: queued authenticated character spawn pending overworld persistence preflight client_entity=543v2 peer_id=Netcode(1985160839016334536) player_identity=PlayerIdentity(NostrPublicKey([200, 196, 149, 231, 67, 181, 140, 27, 128, 250, 37, 170, 160, 206, 104, 112, 205, 52, 95, 151, 170, 235, 22, 242, 103, 212, 186, 158, 215, 163, 247, 157]))
2026-06-04T14:17:52.037745Z  INFO server::map: Loaded 1 entities for Homebase { owner: NostrPublicKey([200, 196, 149, 231, 67, 181, 140, 27, 128, 250, 37, 170, 160, 206, 104, 112, 205, 52, 95, 151, 170, 235, 22, 242, 103, 212, 186, 158, 215, 163, 247, 157]) }
2026-06-04T14:18:08.233007Z  INFO lightyear_netcode::server_plugin: Disconnection from netcode client 1985160839016334536. Despawning entity.
